// Jest Snapshot v1, https://goo.gl/fbAQLP

exports[`Textarea inital value should be properly set 1`] = `
<div
  className="control-group"
>
  <label
    className="control-group__label"
    htmlFor="ID"
  >
    LABEL
  </label>
  <textarea
    id="ID"
    onChange={[Function]}
    value="testValue"
  />
</div>
`;
